../Core/Src/main.c:73:6:HAL_TIM_PeriodElapsedCallback	16	static
../Core/Src/main.c:81:15:MIDI_ReceiveCallback	16	static
../Core/Src/main.c:99:5:main	24	static
../Core/Src/main.c:215:6:SystemClock_Config	120	static
../Core/Src/main.c:275:13:MX_I2C1_Init	8	static
../Core/Src/main.c:323:13:MX_TIM2_Init	48	static
../Core/Src/main.c:372:13:MX_TIM8_Init	56	static
../Core/Src/main.c:423:13:MX_TIM12_Init	24	static
../Core/Src/main.c:461:13:MX_GPIO_Init	48	static
../Core/Src/main.c:491:6:Error_Handler	4	static,ignoring_inline_asm
